// Jest Snapshot v1, https://goo.gl/fbAQLP

exports[`Header renders a Header 1`] = `
<header>
  <h1>
    Fun Parking Lot App
  </h1>
  <Link
    replace={false}
    to="/"
  >
    Home
  </Link>
</header>
`;
